// Jest Snapshot v1, https://goo.gl/fbAQLP

exports[`SuccessView should render Success view correctly 1`] = `
Object {
  "asFragment": [Function],
  "baseElement": <body>
    <div>
      <div
        class="ms-Stack css-84"
      >
        <div
          class="ms-StackItem css-85"
        >
          <i
            aria-hidden="true"
            class="ms-Icon root-33 sc-bdfBwQ gLKZdP"
            data-icon-name="SkypeCircleCheck"
            role="presentation"
          />
        </div>
        <div
          class="ms-StackItem css-85"
        >
          <div
            aria-label="Your action has successfully completed"
            role="status"
            style="outline: none;"
            tabindex="0"
            title="Your action has successfully completed"
          >
            <p
              class="sc-gsTCUz jwmOKE"
            >
              Your action has successfully completed!
            </p>
          </div>
        </div>
      </div>
    </div>
  </body>,
  "container": <div>
    <div
      class="ms-Stack css-84"
    >
      <div
        class="ms-StackItem css-85"
      >
        <i
          aria-hidden="true"
          class="ms-Icon root-33 sc-bdfBwQ gLKZdP"
          data-icon-name="SkypeCircleCheck"
          role="presentation"
        />
      </div>
      <div
        class="ms-StackItem css-85"
      >
        <div
          aria-label="Your action has successfully completed"
          role="status"
          style="outline: none;"
          tabindex="0"
          title="Your action has successfully completed"
        >
          <p
            class="sc-gsTCUz jwmOKE"
          >
            Your action has successfully completed!
          </p>
        </div>
      </div>
    </div>
  </div>,
  "debug": [Function],
  "findAllByAltText": [Function],
  "findAllByDisplayValue": [Function],
  "findAllByLabelText": [Function],
  "findAllByPlaceholderText": [Function],
  "findAllByRole": [Function],
  "findAllByTestId": [Function],
  "findAllByText": [Function],
  "findAllByTitle": [Function],
  "findByAltText": [Function],
  "findByDisplayValue": [Function],
  "findByLabelText": [Function],
  "findByPlaceholderText": [Function],
  "findByRole": [Function],
  "findByTestId": [Function],
  "findByText": [Function],
  "findByTitle": [Function],
  "getAllByAltText": [Function],
  "getAllByDisplayValue": [Function],
  "getAllByLabelText": [Function],
  "getAllByPlaceholderText": [Function],
  "getAllByRole": [Function],
  "getAllByTestId": [Function],
  "getAllByText": [Function],
  "getAllByTitle": [Function],
  "getByAltText": [Function],
  "getByDisplayValue": [Function],
  "getByLabelText": [Function],
  "getByPlaceholderText": [Function],
  "getByRole": [Function],
  "getByTestId": [Function],
  "getByText": [Function],
  "getByTitle": [Function],
  "queryAllByAltText": [Function],
  "queryAllByDisplayValue": [Function],
  "queryAllByLabelText": [Function],
  "queryAllByPlaceholderText": [Function],
  "queryAllByRole": [Function],
  "queryAllByTestId": [Function],
  "queryAllByText": [Function],
  "queryAllByTitle": [Function],
  "queryByAltText": [Function],
  "queryByDisplayValue": [Function],
  "queryByLabelText": [Function],
  "queryByPlaceholderText": [Function],
  "queryByRole": [Function],
  "queryByTestId": [Function],
  "queryByText": [Function],
  "queryByTitle": [Function],
  "rerender": [Function],
  "unmount": [Function],
}
`;
