// Jest Snapshot v1, https://goo.gl/fbAQLP

exports[`BasicDropdown should BasicDropdown renders correctly 1`] = `
Object {
  "asFragment": [Function],
  "baseElement": <body>
    <div>
      <div
        class="ms-Dropdown-container"
      >
        <div
          aria-expanded="false"
          aria-haspopup="listbox"
          aria-required="false"
          class="ms-Dropdown dropdown-40"
          data-is-focusable="true"
          id="Dropdown0"
          role="listbox"
          tabindex="0"
        >
          <span
            aria-atomic="true"
            aria-invalid="false"
            aria-live="polite"
            aria-setsize="0"
            class="ms-Dropdown-title ms-Dropdown-titleIsPlaceHolder title-41"
            id="Dropdown0-option"
            role="option"
          />
          <span
            class="ms-Dropdown-caretDownWrapper caretDownWrapper-42"
          >
            <i
              aria-hidden="true"
              class="ms-Dropdown-caretDown caretDown-56"
              data-icon-name="ChevronDown"
            />
          </span>
        </div>
      </div>
    </div>
  </body>,
  "container": <div>
    <div
      class="ms-Dropdown-container"
    >
      <div
        aria-expanded="false"
        aria-haspopup="listbox"
        aria-required="false"
        class="ms-Dropdown dropdown-40"
        data-is-focusable="true"
        id="Dropdown0"
        role="listbox"
        tabindex="0"
      >
        <span
          aria-atomic="true"
          aria-invalid="false"
          aria-live="polite"
          aria-setsize="0"
          class="ms-Dropdown-title ms-Dropdown-titleIsPlaceHolder title-41"
          id="Dropdown0-option"
          role="option"
        />
        <span
          class="ms-Dropdown-caretDownWrapper caretDownWrapper-42"
        >
          <i
            aria-hidden="true"
            class="ms-Dropdown-caretDown caretDown-56"
            data-icon-name="ChevronDown"
          />
        </span>
      </div>
    </div>
  </div>,
  "debug": [Function],
  "findAllByAltText": [Function],
  "findAllByDisplayValue": [Function],
  "findAllByLabelText": [Function],
  "findAllByPlaceholderText": [Function],
  "findAllByRole": [Function],
  "findAllByTestId": [Function],
  "findAllByText": [Function],
  "findAllByTitle": [Function],
  "findByAltText": [Function],
  "findByDisplayValue": [Function],
  "findByLabelText": [Function],
  "findByPlaceholderText": [Function],
  "findByRole": [Function],
  "findByTestId": [Function],
  "findByText": [Function],
  "findByTitle": [Function],
  "getAllByAltText": [Function],
  "getAllByDisplayValue": [Function],
  "getAllByLabelText": [Function],
  "getAllByPlaceholderText": [Function],
  "getAllByRole": [Function],
  "getAllByTestId": [Function],
  "getAllByText": [Function],
  "getAllByTitle": [Function],
  "getByAltText": [Function],
  "getByDisplayValue": [Function],
  "getByLabelText": [Function],
  "getByPlaceholderText": [Function],
  "getByRole": [Function],
  "getByTestId": [Function],
  "getByText": [Function],
  "getByTitle": [Function],
  "queryAllByAltText": [Function],
  "queryAllByDisplayValue": [Function],
  "queryAllByLabelText": [Function],
  "queryAllByPlaceholderText": [Function],
  "queryAllByRole": [Function],
  "queryAllByTestId": [Function],
  "queryAllByText": [Function],
  "queryAllByTitle": [Function],
  "queryByAltText": [Function],
  "queryByDisplayValue": [Function],
  "queryByLabelText": [Function],
  "queryByPlaceholderText": [Function],
  "queryByRole": [Function],
  "queryByTestId": [Function],
  "queryByText": [Function],
  "queryByTitle": [Function],
  "rerender": [Function],
  "unmount": [Function],
}
`;
