// Jest Snapshot v1, https://goo.gl/fbAQLP

exports[`DropdownButton DropdownButton renders correctly 1`] = `
Object {
  "asFragment": [Function],
  "baseElement": <body>
    <div>
      <button
        aria-expanded="false"
        aria-haspopup="true"
        class="ms-Button ms-Button--default ms-Button--hasMenu root-40"
        data-is-focusable="true"
        title=""
        type="button"
      >
        <span
          class="ms-Button-flexContainer flexContainer-41"
          data-automationid="splitbuttonprimary"
        >
          <span
            class="ms-Button-label label-44"
            id="id__0"
          />
          <i
            aria-hidden="true"
            class="ms-Icon root-37 ms-Button-menuIcon menuIcon-45"
            data-icon-name="ChevronDown"
            role="presentation"
          />
        </span>
      </button>
    </div>
  </body>,
  "container": <div>
    <button
      aria-expanded="false"
      aria-haspopup="true"
      class="ms-Button ms-Button--default ms-Button--hasMenu root-40"
      data-is-focusable="true"
      title=""
      type="button"
    >
      <span
        class="ms-Button-flexContainer flexContainer-41"
        data-automationid="splitbuttonprimary"
      >
        <span
          class="ms-Button-label label-44"
          id="id__0"
        />
        <i
          aria-hidden="true"
          class="ms-Icon root-37 ms-Button-menuIcon menuIcon-45"
          data-icon-name="ChevronDown"
          role="presentation"
        />
      </span>
    </button>
  </div>,
  "debug": [Function],
  "findAllByAltText": [Function],
  "findAllByDisplayValue": [Function],
  "findAllByLabelText": [Function],
  "findAllByPlaceholderText": [Function],
  "findAllByRole": [Function],
  "findAllByTestId": [Function],
  "findAllByText": [Function],
  "findAllByTitle": [Function],
  "findByAltText": [Function],
  "findByDisplayValue": [Function],
  "findByLabelText": [Function],
  "findByPlaceholderText": [Function],
  "findByRole": [Function],
  "findByTestId": [Function],
  "findByText": [Function],
  "findByTitle": [Function],
  "getAllByAltText": [Function],
  "getAllByDisplayValue": [Function],
  "getAllByLabelText": [Function],
  "getAllByPlaceholderText": [Function],
  "getAllByRole": [Function],
  "getAllByTestId": [Function],
  "getAllByText": [Function],
  "getAllByTitle": [Function],
  "getByAltText": [Function],
  "getByDisplayValue": [Function],
  "getByLabelText": [Function],
  "getByPlaceholderText": [Function],
  "getByRole": [Function],
  "getByTestId": [Function],
  "getByText": [Function],
  "getByTitle": [Function],
  "queryAllByAltText": [Function],
  "queryAllByDisplayValue": [Function],
  "queryAllByLabelText": [Function],
  "queryAllByPlaceholderText": [Function],
  "queryAllByRole": [Function],
  "queryAllByTestId": [Function],
  "queryAllByText": [Function],
  "queryAllByTitle": [Function],
  "queryByAltText": [Function],
  "queryByDisplayValue": [Function],
  "queryByLabelText": [Function],
  "queryByPlaceholderText": [Function],
  "queryByRole": [Function],
  "queryByTestId": [Function],
  "queryByText": [Function],
  "queryByTitle": [Function],
  "rerender": [Function],
  "unmount": [Function],
}
`;
